---
version: 1
interactions:
- request:
    body: |
      {"location":"YZvhfCiYIjfXOhlHrcttNOJHm","region":"VJBaiQaeHmBLARsxFoGITwvvD","vendor":"gWeKONnoYjkoBDsdYjjmwhxkp","vendor_name":"KyHPgfzAJFpERJLgChCaizVul"}
    form: {}
    headers:
      Content-Type:
      - application/json
      User-Agent:
      - Conch/3.x-testing
    url: http://10.51.54.42:5000/dc
    method: POST
  response:
    body: ""
    headers:
      Cache-Control:
      - no-cache
      Content-Length:
      - "0"
      Date:
      - Fri, 01 Nov 2019 21:34:38 GMT
      Location:
      - /dc/672441d7-cdf3-48b3-a156-5f7d39c686a3
      Request-Id:
      - w7EM0D+C/sue
      Server:
      - Mojolicious (Perl)
      X-Request-Id:
      - w7EM0D+C/sue
    status: 201 Created
    code: 201
    duration: ""
- request:
    body: ""
    form: {}
    headers:
      User-Agent:
      - Conch/3.x-testing
    url: http://10.51.54.42:5000/dc/672441d7-cdf3-48b3-a156-5f7d39c686a3
    method: GET
  response:
    body: '{"created":"2019-11-01T21:34:38.007289Z","id":"672441d7-cdf3-48b3-a156-5f7d39c686a3","location":"YZvhfCiYIjfXOhlHrcttNOJHm","region":"VJBaiQaeHmBLARsxFoGITwvvD","updated":"2019-11-01T21:34:38.007289Z","vendor":"gWeKONnoYjkoBDsdYjjmwhxkp","vendor_name":"KyHPgfzAJFpERJLgChCaizVul"}'
    headers:
      Cache-Control:
      - no-cache
      Content-Length:
      - "280"
      Content-Type:
      - application/json
      Date:
      - Fri, 01 Nov 2019 21:34:38 GMT
      Request-Id:
      - Fc60gfKlqgbB
      Server:
      - Mojolicious (Perl)
      X-Conch-Api:
      - v3.0.0-a8-0-gd0dc7f2e
      X-Request-Id:
      - Fc60gfKlqgbB
    status: 200 OK
    code: 200
    duration: ""
- request:
    body: |
      {"alias":"bEXAnahgWuljMvystNPgbqHdg","az":"yJyVJMwkjxcAaWhtBPwNfQYZO","datacenter_id":"672441d7-cdf3-48b3-a156-5f7d39c686a3","vendor_name":"QQHvGXZGnBVgTsSIheeKxqfCy"}
    form: {}
    headers:
      Content-Type:
      - application/json
      User-Agent:
      - Conch/3.x-testing
    url: http://10.51.54.42:5000/room
    method: POST
  response:
    body: ""
    headers:
      Cache-Control:
      - no-cache
      Content-Length:
      - "0"
      Date:
      - Fri, 01 Nov 2019 21:34:38 GMT
      Location:
      - /room/5af968fb-a2c1-41ee-89f1-3f42ede88a18
      Request-Id:
      - 3N6Fn2ycS8Bt
      Server:
      - Mojolicious (Perl)
      X-Request-Id:
      - 3N6Fn2ycS8Bt
    status: 303 See Other
    code: 303
    duration: ""
- request:
    body: ""
    form: {}
    headers:
      Content-Type:
      - application/json
      Referer:
      - http://10.51.54.42:5000/room
      User-Agent:
      - Conch/3.x-testing
    url: http://10.51.54.42:5000/room/5af968fb-a2c1-41ee-89f1-3f42ede88a18
    method: GET
  response:
    body: '{"alias":"bEXAnahgWuljMvystNPgbqHdg","az":"yJyVJMwkjxcAaWhtBPwNfQYZO","created":"2019-11-01T21:34:38.046246Z","datacenter_id":"672441d7-cdf3-48b3-a156-5f7d39c686a3","id":"5af968fb-a2c1-41ee-89f1-3f42ede88a18","updated":"2019-11-01T21:34:38.046246Z","vendor_name":"QQHvGXZGnBVgTsSIheeKxqfCy"}'
    headers:
      Cache-Control:
      - no-cache
      Content-Length:
      - "291"
      Content-Type:
      - application/json
      Date:
      - Fri, 01 Nov 2019 21:34:38 GMT
      Request-Id:
      - zTpV/CBUd//i
      Server:
      - Mojolicious (Perl)
      X-Conch-Api:
      - v3.0.0-a8-0-gd0dc7f2e
      X-Request-Id:
      - zTpV/CBUd//i
    status: 200 OK
    code: 200
    duration: ""
- request:
    body: ""
    form: {}
    headers:
      User-Agent:
      - Conch/3.x-testing
    url: http://10.51.54.42:5000/room
    method: GET
  response:
    body: '[{"alias":"AFWxzWqEqKUTMIKdnSivWGBCa","az":"XcXtdUWrzjrdpJrRrQIymOLUl","created":"2019-10-31T19:38:36.235222Z","datacenter_id":"6ce4a3cc-ff7d-4d6f-ae00-e3225cef413c","id":"9bbb16e3-bf59-42dc-ab90-e50a1679bdc4","updated":"2019-10-31T19:38:36.235222Z","vendor_name":"WTVScBynxIBKbLRHkSXZWyalO"},{"alias":"AJMoYWYTBOhSmlkBRQJrrjpje","az":"euncDQYWsNazmODUCuDdcdzVv","created":"2019-10-31T14:20:58.877685Z","datacenter_id":"229e95a0-c439-46c2-a725-3cad31f28d1f","id":"7000995e-5d43-41af-8c64-b7ee32378780","updated":"2019-10-31T14:20:58.877685Z","vendor_name":"KtaOdnbsRlbOcXOTVSRINuCcR"},{"alias":"AbjMBvvWSBsRhFogphdBjzylG","az":"tdVyKqEAvGvlDRQGOzyUwsfqB","created":"2019-10-31T15:11:40.503475Z","datacenter_id":"776d17a5-fc8b-4d75-acf1-297ea35b7d35","id":"6aaec91d-7e37-4274-abac-8166421fb53d","updated":"2019-10-31T15:11:40.503475Z","vendor_name":"cJOtnTuTiPDdAcMZicySAovws"},{"alias":"AyjrgyYacvFEjFGIFDumXklPa","az":"FldBFxcbfNuqHPiPJIKLrQGmk","created":"2019-10-28T16:54:39.687927Z","datacenter_id":"88450bde-05a7-4f32-bc20-172062f40610","id":"f5b24552-b6c5-4d3b-b49d-561f438b36a2","updated":"2019-10-28T16:54:39.687927Z","vendor_name":"QvWxQxbJIYRyWeqgPloLrxcop"},{"alias":"AyneoxGTrVCTRhCerbgRqQVCg","az":"gusKUQpBAPavvBjblDKhIKZNe","created":"2019-10-28T14:58:11.959434Z","datacenter_id":"1b188fdb-04e0-4a16-add0-5047e82ebfe5","id":"dfe56ca2-f44f-4446-b5d4-2b344b82358d","updated":"2019-10-28T14:58:11.959434Z","vendor_name":"AdnQciqwngcNtyPCvOvAcAknt"},{"alias":"BnvmoMJtpmqrbLdZSStZndvSA","az":"BTpYESypGfYMnVIbyccQLAhNL","created":"2019-10-17T16:23:02.118917Z","datacenter_id":"80a68b60-8d26-4d5f-8123-63b827f01b13","id":"db1fadb4-e94f-4ca4-a5aa-751149b4270c","updated":"2019-10-17T16:23:02.118917Z","vendor_name":"breMljlRCFnKvdEnymejBlScT"},{"alias":"CCjSWmOpudNeNBWGVQGMRAeyl","az":"kUpsxLpXMAFatGqxtwPqkoqXb","created":"2019-10-31T19:33:09.244773Z","datacenter_id":"f6bbf00e-667b-476a-9d74-37564594556b","id":"73d1e806-1e3d-429a-a783-332aa0a170bc","updated":"2019-10-31T19:33:09.244773Z","vendor_name":"kfdupdZixLXOyIgZMWyrCYWaE"},{"alias":"CkYlfYbeUbHdoisaxwShBjYpT","az":"oCxmHqWXQRunOEreBIwOhDbDa","created":"2019-10-31T03:36:50.950779Z","datacenter_id":"3ad418c3-11df-48a6-b0fb-bbd4c68f6125","id":"eba86ec1-13b1-4fe9-bada-532310b2b1a2","updated":"2019-10-31T03:36:50.950779Z","vendor_name":"GbKeZJzCFqngfLomxvJZXepyY"},{"alias":"CnAYgTXjTcNFQGpGpOejdCfsN","az":"KMqPYXRylyHglyetqvRIoDImm","created":"2019-10-31T19:40:53.507341Z","datacenter_id":"c9d6f9cb-b57f-4b0a-9945-a70fea57b0ae","id":"075d585e-541f-4823-a422-d896961bcb51","updated":"2019-10-31T19:40:53.507341Z","vendor_name":"ZWjUgZkzEKuGFOFGgCkdsgrdS"},{"alias":"CwjeNxaIDmlyMitODDnQYKjQv","az":"ZpOvwnvEextCYuAOYGhbWChbw","created":"2019-10-28T14:53:19.142001Z","datacenter_id":"9689425a-520d-4bd0-95a1-961bb92a9067","id":"a0e71d08-71d3-4db1-b192-69f85c45cdad","updated":"2019-10-28T14:53:19.142001Z","vendor_name":"wbrdjPLvZtElvOaPUjXVVRWIC"},{"alias":"DXKtaOFHYRfqgAwXgmRXSIEsS","az":"MsTenoPpaSFGqAFjabTKDKdme","created":"2019-10-31T03:32:11.122164Z","datacenter_id":"46352f08-f912-4526-a779-afcd29260596","id":"e3b216be-9b6d-489a-9894-2504045cd1fd","updated":"2019-10-31T03:32:11.122164Z","vendor_name":"HHsBLPxzhZTMcjXkqMdexSDkD"},{"alias":"EHNioGKANfZCkHUMLwsEttGSt","az":"WjCmAlhmmeVMEHxlAWKjXaZzQ","created":"2019-10-28T20:45:05.897545Z","datacenter_id":"54733021-9a3e-4f1c-86ee-ad642a5aaeca","id":"87658185-9886-4d74-96e0-431b6fd53e76","updated":"2019-10-28T20:45:05.897545Z","vendor_name":"XXtbKuOvVYmEBghpJTiTeraMQ"},{"alias":"FbrXSZfNNExLdRRRkLhxcORSQ","az":"WePDMPICaWqSwKUXDjuQbOWDS","created":"2019-10-31T03:43:31.741222Z","datacenter_id":"4008bbad-6636-478f-a1b1-b1202429eb2e","id":"7550ed94-26b2-40dd-b331-53eefd2a92af","updated":"2019-10-31T03:43:31.741222Z","vendor_name":"IPlnWoyLoxMTnpMvrTZDZMavW"},{"alias":"GCSTjNTbQoMdRULQATeJtOcWz","az":"ZApOVtRjNfXbpIwZcxJMYPjXW","created":"2019-10-30T20:22:07.256399Z","datacenter_id":"29b23bc6-cca2-4029-b910-210dc68a3baa","id":"68c9d253-1ab4-42fb-8390-b29ae231a726","updated":"2019-10-30T20:22:07.256399Z","vendor_name":"biZcXngLsGSCxmjSVGKpUmuNo"},{"alias":"GXivORtMzPEbhujIaBMihzPXL","az":"ORUkRiLbTijpnmAJuPTnfPhSW","created":"2019-10-16T14:38:03.757846Z","datacenter_id":"d7650902-3351-4dd7-86bb-e10739351c7c","id":"5d96d71d-994a-442b-bdc9-ddb480a6537b","updated":"2019-10-16T14:38:03.757846Z","vendor_name":"vVjahkBoYjbtehpKJbVtAvoVD"},{"alias":"GwMXJyiXsTjCoeoYejbEXCeWx","az":"tXraqOpnBspRRVELHkogLBCgI","created":"2019-11-01T19:08:04.847296Z","datacenter_id":"efc6bcd5-4c56-417d-a390-cba128f80b18","id":"2753262a-1fd9-47db-b9df-ab9ecc5f7491","updated":"2019-11-01T19:08:04.847296Z","vendor_name":"QmkCxkDriCKaaHWDopcXWoBNw"},{"alias":"HFUnkRinDhXVitVSHNISasiHD","az":"pZHGFPJYZHdIPjFDsSJqodrjg","created":"2019-10-31T15:11:13.679667Z","datacenter_id":"4456c008-97ba-4f0a-977e-dc767a02e3c5","id":"e5ad0403-dce4-4d1c-ab54-d4d8b1bc4aca","updated":"2019-10-31T15:11:13.679667Z","vendor_name":"aTQBwwnimwOfUTKdulgWuJWTs"},{"alias":"HJdOqMSNSmJbVGctONMlycADR","az":"ibXFclolvSuyQImLZOdpDAimH","created":"2019-10-15T19:23:57.302241Z","datacenter_id":"361079f0-3568-4b16-ab8b-f908b8ead823","id":"cc703466-9f04-4491-8751-f68ec710e9cd","updated":"2019-10-15T19:23:57.302241Z","vendor_name":"KWmRLZfnLgTyJCQrFmwNOjoCi"},{"alias":"HPpFhkzIbAnwmsQTjXKvUwxsU","az":"NwBAZHRllsvRqHXSgLPDVkZrm","created":"2019-11-01T19:02:35.113505Z","datacenter_id":"a98a4657-6269-4608-9aa6-946f1f67d07b","id":"29c0aba0-30ed-4c54-a79a-a02afcc44b01","updated":"2019-11-01T19:02:35.113505Z","vendor_name":"tsBOBaAMlcDRINTaJaPZpGCTB"},{"alias":"HPrHYDvLGVarDgtCLngccCGQm","az":"HcooNokQjspvkukfzHXHgehxY","created":"2019-10-28T16:31:24.135626Z","datacenter_id":"23095256-a460-481c-b836-7f6bd4b83f33","id":"fb69f0fb-a702-4a3c-8962-ef0709840243","updated":"2019-10-28T16:31:24.135626Z","vendor_name":"ebYvqNpcxisMANShAZGfbGkHX"},{"alias":"HpCjQAjnCNZtrXAAnklQWhLtK","az":"pfvvfrfakkreqvUsavOTssmYM","created":"2019-10-31T03:19:31.308594Z","datacenter_id":"195b167e-258a-43a1-adfc-10b27d3b6ff3","id":"0765662c-c14c-4ce7-956b-96c08787a4fa","updated":"2019-10-31T03:19:31.308594Z","vendor_name":"ATInuYYNzTrGuTVqelwVgMXvH"},{"alias":"JpbfeHNFwUVBFfWldMbQiCTVf","az":"KlSapaghyWreZucQpTblkurvU","created":"2019-10-16T15:18:34.995152Z","datacenter_id":"d87054e3-967c-4880-9c75-3cf3f97aa9c5","id":"e3ca7303-612d-4d3c-a252-406c47cc0385","updated":"2019-10-16T15:18:34.995152Z","vendor_name":"GwnJGZdOrbofKqwCpRdYCQdWG"},{"alias":"KBVoXJZdxAqEliFKaIjGXQZnt","az":"oUwZdUdmVCIVvHpLXGjWRSGKb","created":"2019-10-31T19:38:45.617941Z","datacenter_id":"81f00a54-9461-4571-877a-8c62fc7ac3f2","id":"8b156c6b-bb44-43c8-b972-3f99ff807606","updated":"2019-10-31T19:38:45.617941Z","vendor_name":"RtzzpQSupLsLYLapatZXsHDZf"},{"alias":"LPKFimozlpgUiaLsWXaVRCalw","az":"MALqTxJjSvpiJafCEBSERKTwd","created":"2019-10-15T16:37:57.096845Z","datacenter_id":"98ffd143-dfb4-4793-b50e-ebf8fe5527e4","id":"eec38be4-880c-4fc6-a5e5-d023cb27f089","updated":"2019-10-15T16:37:57.096845Z","vendor_name":"sPxHVLWtHoqvlaoLkvTQIlNxw"},{"alias":"LsQmcXSBGjsVeIMCmlQiapdSn","az":"tCuyoIRsfhRPRDtBlHVZGTuXM","created":"2019-10-31T03:30:53.003796Z","datacenter_id":"b8336463-a25f-4ee1-bee5-434c2bf2c893","id":"574f1c02-bc38-41df-ae35-559465007d7a","updated":"2019-10-31T03:30:53.003796Z","vendor_name":"kkDNOzWANoSImmlgZTRTzmBXp"},{"alias":"LskSCHcxUyQKjQISozwUwWiVv","az":"TQugcEjiyJzrZQrXjHQwiGuon","created":"2019-10-17T20:07:00.428695Z","datacenter_id":"237035d5-8477-446d-bc90-a81eb51c198b","id":"23b9bb1e-9cc2-483f-8dac-89f8bb6c268f","updated":"2019-10-17T20:07:00.428695Z","vendor_name":"QhWjawLDqXxyAWmJIUOMZGBMy"},{"alias":"LwJNAzknXKJWnJYDYWdkwOGet","az":"albNxepDcKDAcyZQIEtzgqVJL","created":"2019-10-31T03:32:37.607471Z","datacenter_id":"06015839-c137-415c-a004-8c4780c21584","id":"c56e4c7f-e531-4f39-8c77-b21fd190ec7f","updated":"2019-10-31T03:32:37.607471Z","vendor_name":"yECOrVXDkjYzkidXdwFIxGdhO"},{"alias":"MopJmtzwqvHdiHdvvsONRFcZV","az":"XMYpTCXYgqeEWzfmYZrjmhEsy","created":"2019-10-31T14:28:50.081272Z","datacenter_id":"4cd6ac2f-8c7a-4fe8-bde0-e2032125b478","id":"bbd7c7a5-cfe3-4790-86f5-e95b835cc166","updated":"2019-10-31T14:28:50.081272Z","vendor_name":"mNYAQKpSJTykkLsEFtkaAGhfi"},{"alias":"MpecCexLMZaulGOiQaeDRMUYW","az":"cDFQiuNWRWBSNpIPizUKbZQbZ","created":"2019-10-31T16:37:06.356764Z","datacenter_id":"ad583845-8845-4d0e-beb6-2e561017e7ed","id":"8a27730b-c4e9-48d5-9f61-171e0292c015","updated":"2019-10-31T16:37:06.356764Z","vendor_name":"JJcKZZSnwCHrKtluyPesciQqA"},{"alias":"MpekCMBJzDucEpELtpHsTFCnL","az":"qdWWKSRPNwvNCcyygoNrhtPbv","created":"2019-10-31T03:26:11.476427Z","datacenter_id":"678e2e1d-e193-44cd-805d-fd3282054dd7","id":"ef56a5d1-8160-413f-9d39-b5039ae1a554","updated":"2019-10-31T03:26:11.476427Z","vendor_name":"JyvltzhvBdWEqOQpmNrItbJfh"},{"alias":"MycgOwssebFZkhpaUztoZpmKl","az":"UrRcRBzcTZjmoQhPFcJuANwGC","created":"2019-10-31T03:49:25.827607Z","datacenter_id":"6d5b7786-0acd-4d8f-95d7-c833820ef3a1","id":"8ba376d2-0add-46b2-807c-8cecf40ff8dc","updated":"2019-10-31T03:49:25.827607Z","vendor_name":"UviYTtQUlUQthFpqIhuelBBTW"},{"alias":"MytZdgVygrwPZwiEhSqtCJgkI","az":"UdNPWBiKESuZpEoKfkUhmgQev","created":"2019-10-31T19:00:12.758963Z","datacenter_id":"0a7401aa-bce3-4b61-8d53-c03c02fc3b10","id":"cdf400d4-8949-4ea2-884f-70e171eda867","updated":"2019-10-31T19:00:12.758963Z","vendor_name":"uspJYsClKEsOuRGBOdcfqqAXi"},{"alias":"NUMoaeQrWGsMkFXgJdhkFqkEe","az":"NOwPsUWeIGHTUdUKhSuYPXnUi","created":"2019-10-28T14:52:19.817936Z","datacenter_id":"a5c0c517-6747-4e97-8c99-8c7a5667435b","id":"d4c9d083-15db-467b-8c4a-dc602704a5d6","updated":"2019-10-28T14:52:19.817936Z","vendor_name":"FtHhzMIKNrNKUYPAZvWZJnEyW"},{"alias":"NWAoxVNDUEuHHSZbaaQgfrUvK","az":"ydiOuIMsUgStPpMmsEkVjwwkW","created":"2019-10-30T20:23:40.555037Z","datacenter_id":"f0cad974-835b-4c2d-8761-8b560cf92831","id":"9ae720b6-f9d4-46e3-951f-015ea61f7d64","updated":"2019-10-30T20:23:40.555037Z","vendor_name":"XOpzQrwFrYhGBPTPigUEFjHWY"},{"alias":"NhjaccPpkBHTXfaUkUToIPbjh","az":"VmQIKfbLMjBfqIUVBzHzygahT","created":"2019-10-28T20:07:14.757090Z","datacenter_id":"aacdd36e-16ea-4e56-8bb2-cd70cf42c893","id":"ca75f8f6-2783-4f48-aa6b-3754f3614608","updated":"2019-10-28T20:07:14.757090Z","vendor_name":"WagHBztFPzUQFPoOfjpeVhJjT"},{"alias":"OIAZuWdlcEFDTiGkwNIpEKCEF","az":"XySTDKBznjIHcLTEhyYOhmFVJ","created":"2019-11-01T20:27:50.891186Z","datacenter_id":"94c5f2a2-a91e-47aa-acb2-8dcbbacb4889","id":"aa8c644c-32b2-4c65-ad51-df9aaedc2d5e","updated":"2019-11-01T20:27:50.891186Z","vendor_name":"VCUNsJSlDJlcwOrsFrbNcUaOe"},{"alias":"OKAnDnJCkeapcioxLAVUTqccq","az":"iZhlhMYgbUJffuWTpwdprHPwR","created":"2019-10-21T16:19:18.118667Z","datacenter_id":"48140a9e-f76b-4d4f-ae39-49551d4ed5ee","id":"ad9030ae-7881-43f3-955e-4cd4d9c63ff5","updated":"2019-10-21T16:19:18.118667Z","vendor_name":"MKWoXmeMrIdqpfpgjoCwYlUQT"},{"alias":"OyWKawzwzjZGZQOpASJVTFORj","az":"sMOjiAsMzkmtDlrkweBCXJQFo","created":"2019-10-31T19:39:45.479455Z","datacenter_id":"49579549-ad23-4480-ae39-a578616f3147","id":"5b193aca-ff6b-4212-aae7-3ad0755db723","updated":"2019-10-31T19:39:45.479455Z","vendor_name":"gvMwJmybmoGtDRGCKsFllvJFb"},{"alias":"OyZTuUFxGXizjIMJxELXnGUCO","az":"jlrDEnTEqZVFzxwKrvHesItaG","created":"2019-10-28T16:30:41.833774Z","datacenter_id":"811c087e-62ed-4a38-9cd8-10322f987759","id":"7d6e15d0-1725-4f46-88bc-4be80efca991","updated":"2019-10-28T16:30:41.833774Z","vendor_name":"nystonTCHTMgudDFTKJvZzJmZ"},{"alias":"PABDriqrKiqtlDctqxAPBtUwQ","az":"WKONaVoQzSFcKGwncBjwcSYOq","created":"2019-10-28T18:24:24.852111Z","datacenter_id":"143cfb5b-5028-4b0c-87cd-307fc9878233","id":"73a07a66-20ca-48bf-975d-52c9939388fa","updated":"2019-10-28T18:24:24.852111Z","vendor_name":"vMrVgRjoiAIyetlpHvoXxTVlK"},{"alias":"PzoLgmPAsCuCFaeyKKVyAEfMz","az":"ZOuHOlAIgHualuoDndGuZLGkW","created":"2019-10-28T16:22:40.609549Z","datacenter_id":"a3908aad-237d-48c4-b63f-a87afa04d990","id":"3106c0f9-4f63-4a51-8fe7-99e947ef7ecd","updated":"2019-10-28T16:22:40.609549Z","vendor_name":"nbPKRKqMGdoIbgcfKEyltxmHI"},{"alias":"QbyxPNHsUmjQkpgTMFmGRyYOO","az":"gHdPupRZJvFZMdpsiXgFbAGKs","created":"2019-10-28T14:54:40.554953Z","datacenter_id":"fe0eb14b-ed2a-4377-b492-49dd6d0abbe2","id":"077ba8f0-8a2c-4f49-b830-d8b64c6d51b5","updated":"2019-10-28T14:54:40.554953Z","vendor_name":"EAmKgTSdlfqhtehyCEvgRyBNC"},{"alias":"QpEBgvPNdoTJeIPrHWUwEFAIR","az":"xMvTtlzOLyXmZLNIVbabtwdWC","created":"2019-10-28T20:20:53.702484Z","datacenter_id":"5e77c072-4028-44f1-b669-f3ab1b63c1b9","id":"ee450752-ae06-4937-b148-5509331d2fca","updated":"2019-10-28T20:20:53.702484Z","vendor_name":"IYnCHwTzlrGxTDuEQfRfHqFyr"},{"alias":"QuNRUYnFdBfracLYqCmkwrDcR","az":"wQvscdLuFLYjCdyRxDKfDvPuj","created":"2019-10-31T03:43:16.938600Z","datacenter_id":"dff66693-6abb-4668-a2de-8b433721b83a","id":"a15d6b75-f3f2-40f8-8188-27ef735d6925","updated":"2019-10-31T03:43:16.938600Z","vendor_name":"RrrtjPWXEPrUHqxtjVWJpHvCV"},{"alias":"RckefVgObASbdFVWzENvmyGlI","az":"CvMPVAfnuQdUGKnBjDhtUgVkm","created":"2019-11-01T19:00:06.060826Z","datacenter_id":"886ed1f2-cb8b-42f3-b3d1-4b58f8e1994f","id":"d504c4da-2e97-49d9-8102-7d1418e0791c","updated":"2019-11-01T19:00:06.060826Z","vendor_name":"zqrcIBCOJnTrsuSlAlVGytOPj"},{"alias":"SeNcytjoEbdxbsGMLWJOaiYBq","az":"xPqVCTTwipgDaEdSrzJGrKbEL","created":"2019-10-31T14:20:15.752149Z","datacenter_id":"ade89ff5-a037-4295-baa7-b1a3902251c1","id":"131a859b-7367-4506-af3c-7474840e30ac","updated":"2019-10-31T14:20:15.752149Z","vendor_name":"sCiirdEtheEOZmRPplDcJfEWF"},{"alias":"StFZuKzLyfwZYazdemAooLZsG","az":"DcNPekLpSLQhhioMRVkhnmbUd","created":"2019-10-28T19:35:00.351510Z","datacenter_id":"6c51c1aa-fa05-45da-86c7-65c5346775b2","id":"e174ae7f-722c-4046-bdee-c3cda61d53fb","updated":"2019-10-28T19:35:00.351510Z","vendor_name":"puXdINTwHIywStbmDemhaGtaS"},{"alias":"SvbgNypdUJStoJEfqvRrUuHQt","az":"yNTACEBZBKZdRharBmISFqehr","created":"2019-10-24T18:31:45.263237Z","datacenter_id":"bb241ed2-50c6-493a-9339-f7ca879f3774","id":"2f675ee2-7913-4b86-9127-fb22c633f53d","updated":"2019-10-24T18:31:45.263237Z","vendor_name":"EcKHsUGuFexOnwfaBbiCWPMRi"},{"alias":"TBRtdXsnofOfQMNDJPgkCjaAN","az":"wNVCPZtHtBJPFsyfMaoAnVfOu","created":"2019-10-15T19:41:04.741348Z","datacenter_id":"ceb364c5-7b7e-4a59-9ae6-7921a5329cbf","id":"e51b95b9-c4d0-41af-8a4d-185ff0f27a64","updated":"2019-10-15T19:41:04.741348Z","vendor_name":"wAqsNlYeWNPYwgiNSFIlKfweL"},{"alias":"TMcHvSMHQxQMkTpwJwTxMEAnp","az":"SVTDYJwbbUtBCPkupPYvCQQMc","created":"2019-10-28T14:45:10.599520Z","datacenter_id":"86c74065-5a7e-455c-beec-800b4e5df1ab","id":"b2e32be9-0d4f-4afe-be9b-ea95225c3d69","updated":"2019-10-28T14:45:10.599520Z","vendor_name":"ELecDAWOxolTJNjDenXEKhbsu"},{"alias":"TestRoom","az":"IbmqtUaWbRqljCPJMTsCmOEFu","created":"2019-11-01T18:03:13.000500Z","datacenter_id":"383a1e41-b923-4ab6-b1b6-1dc15afc5f52","id":"4693b9c9-1ce0-44f7-b48b-19f612629353","updated":"2019-11-01T18:03:13.000500Z","vendor_name":"iYAZxzCDVELFHzQpsSZXmmlSg"},{"alias":"ToAKhMHoJrkCxhtAlPrAvnCFQ","az":"xVvHsczGqtOEccDkTXkbQLBnR","created":"2019-10-28T19:33:41.810412Z","datacenter_id":"323d96de-cd31-4a24-b6cd-c4910cd7381d","id":"979419c1-4237-4112-a4f7-dd97eddeef6a","updated":"2019-10-28T19:33:41.810412Z","vendor_name":"narnSJADoiihonHexONFimGWZ"},{"alias":"UNisthVUPaXyLgRwYfqOtzXaf","az":"UFvYHHWdVLqtNXPdTqNfNPGaK","created":"2019-10-28T20:46:44.568461Z","datacenter_id":"fc9d5a7a-a64e-4ff3-a9dc-f27b945c488d","id":"743be939-6ef6-4a0f-a880-62488a1e9afd","updated":"2019-10-28T20:46:44.568461Z","vendor_name":"eRyCAxrsrzCqntlUcvFQTgzRX"},{"alias":"UNxdsjQcbHSbvrlVIXHkSsufz","az":"wfXffQRPfMrDdMRQHMbftSaJF","created":"2019-10-30T20:21:29.913338Z","datacenter_id":"f7a17500-ca1e-416c-a5dc-649374850ecf","id":"9d67d86b-25e0-4275-91ac-1792f7c45662","updated":"2019-10-30T20:21:29.913338Z","vendor_name":"bVQfixvdOYOhdwnWfUOmlkbjQ"},{"alias":"UidxZeYeiodNMJUvJvTGAkVFA","az":"seUADvxaAIOMRLKWUREYvmase","created":"2019-10-28T19:27:02.025257Z","datacenter_id":"e78356fe-7b79-41d8-86cb-6d2cac2ec31c","id":"b5b1ab9b-0c2e-4659-8508-1cd5479ab5eb","updated":"2019-10-28T19:27:02.025257Z","vendor_name":"EDekWNimjtsRamytgBXkFqZNm"},{"alias":"UpPFBbDUFzbMXLTZoqvsfSrKE","az":"fABoJtheXufoUjHQLVAtrhXLT","created":"2019-10-31T02:59:59.667573Z","datacenter_id":"c1d80d58-c955-4371-ae59-eb30b6e4bd74","id":"01755bf0-428c-4be9-951a-da0a246a369c","updated":"2019-10-31T02:59:59.667573Z","vendor_name":"llGSTRTppqMwEohgvyRDCGOVG"},{"alias":"UxeoAWJOtlCvogqCrJMqnuaEo","az":"OwhMEsrUffGnyhdmEJBLUffDh","created":"2019-10-31T14:06:30.975209Z","datacenter_id":"3c982d79-dcfb-42d4-ba56-c65ed7381375","id":"9285a076-edc6-4e36-8b57-b7036433d80a","updated":"2019-10-31T14:06:30.975209Z","vendor_name":"yPEInaPAuhrqaycAvMrUUOlgw"},{"alias":"VMVMqcjrHzFYpEYufPoamdYrw","az":"ZtfhmMXmtCdhqdptUMSjSYvrC","created":"2019-10-31T03:27:55.204260Z","datacenter_id":"bd1613cb-8a32-49df-a6bf-f49da41a25e6","id":"d2638efe-c244-48c8-8ced-0c22acaaa8a4","updated":"2019-10-31T03:27:55.204260Z","vendor_name":"rVEkQAUSRvtJpIzHhMcSMvjda"},{"alias":"VnIcKIaDvhBdvAtHOYzxKlVio","az":"xPZQMvTrWdzVLHzioTslUMbki","created":"2019-10-28T20:47:28.184252Z","datacenter_id":"2b42e8c0-5827-4191-a972-841869581b9c","id":"cb4c0d02-1c5d-4fe6-9621-0d5bb3b0a6e5","updated":"2019-10-28T20:47:28.184252Z","vendor_name":"EDtSBRAKLGXHXKiWWfvMNDgjY"},{"alias":"WPLqCIRcakJNPWfzsPFWovHWM","az":"SRwoAWYalxbbYxWJgcIhBpolL","created":"2019-10-28T19:28:16.472116Z","datacenter_id":"c8b82b98-9f4f-40d7-815c-76166e453dcf","id":"176d7f4e-d805-440a-8c78-46616da32e55","updated":"2019-10-28T19:28:16.472116Z","vendor_name":"VFimxFjWMJKTOovCBJbKnHSDD"},{"alias":"WbGsQIQNLBYQUxJalUjPxAVDx","az":"PgweGhaVhKmNjghPROkqNCwRf","created":"2019-10-17T17:37:09.577637Z","datacenter_id":"a48f646f-a4bd-4873-b28c-af107cda26f8","id":"424dc41f-4abf-4a0e-92e5-2fdb48169f03","updated":"2019-10-17T17:37:09.577637Z","vendor_name":"JXVNKwpdvVtKWyIgjNKxhMALq"},{"alias":"WfQWHGKOohMgclXMsTatHprhs","az":"giVppdxGRucUEOXZOdvPcuGnJ","created":"2019-10-30T18:16:47.379436Z","datacenter_id":"c822c946-fbc5-4a51-a954-5584630b322e","id":"8094576f-3612-40d3-a73f-14abef06acc7","updated":"2019-10-30T18:16:47.379436Z","vendor_name":"iBPHDJNPzJnqjmFbcpRwlGtAb"},{"alias":"WkBFzIuXKSEuDplCrEmLPmhzf","az":"pPsCAGlGwEDXsByNuUSDrcxhp","created":"2019-10-31T02:51:30.418834Z","datacenter_id":"db2239a3-b2c9-453e-b099-e8008c99c362","id":"df596780-6667-4de1-ac43-3f79c146307b","updated":"2019-10-31T02:51:30.418834Z","vendor_name":"ngXnYqFkEUgfehbpgAopGriZV"},{"alias":"XByiKwUnYJSXsuOLrOvHYlkKS","az":"YeyisIhdhiEBwxXCZtMMmCUEj","created":"2019-10-16T14:37:50.536997Z","datacenter_id":"1e3a55c2-2487-42be-89a4-a53c19620cdd","id":"84e30c5d-24ce-4943-9c62-97ad30b2aaa6","updated":"2019-10-16T14:37:50.536997Z","vendor_name":"luVtuTlTzoMjaPZaeYlzUOAjB"},{"alias":"XDEMUBMdSqOBfFQXLPhaIUTZO","az":"JHVVQNwouVcHrScDzHuBmqwAG","created":"2019-10-30T20:12:05.870222Z","datacenter_id":"0857cd2e-f3a0-43b5-8729-a7a0443b9304","id":"418fe984-3445-46d3-a104-ffd67ba7e574","updated":"2019-10-30T20:12:05.870222Z","vendor_name":"HWvKmKcmajLNnrTUDweLtgIYH"},{"alias":"XqwLCgrceksXOLWxhTbMJRruu","az":"kjtbAaHFHijctPmKILvaIveMr","created":"2019-10-28T19:26:28.299541Z","datacenter_id":"518f3cc7-ada4-4eab-bb54-cd3a2aabaa43","id":"12a07afd-a1ac-40ef-9d7e-a1eb982aa67a","updated":"2019-10-28T19:26:28.299541Z","vendor_name":"KDvZidDLPFcEQfQJObTpXqnFU"},{"alias":"YLSBwMuRQNvFRvcUuRNJnuaCk","az":"xpoICNjspeDfFTVHhFeTMazUH","created":"2019-10-30T20:13:46.828538Z","datacenter_id":"8e58a6c8-4e93-444a-97ad-ec4130708f1d","id":"c45e8ed9-b2da-4f54-9a3e-1c67f4243075","updated":"2019-10-30T20:13:46.828538Z","vendor_name":"CbptjnwohALlXLgiZkEXxHSgq"},{"alias":"YMTDTkaMoIXCFkQMBUkDRfuSg","az":"QIcyKPztwYkQwJpeRMXJfaqIY","created":"2019-10-31T19:03:24.513621Z","datacenter_id":"c1890040-6ce5-402e-ab7c-f7b1e7cd9850","id":"cdf06188-e27c-4fa7-bcb9-8baff7d7400a","updated":"2019-10-31T19:03:24.513621Z","vendor_name":"leCHeuVGAGESXpNEUdSqZPYkW"},{"alias":"YvfkqfHOhMIqmrwsoFNDTEpMt","az":"nITFFQPpbTZzMEbRyiuaFqkVo","created":"2019-10-28T16:54:01.987434Z","datacenter_id":"aad28ee8-69d4-4507-8740-8e132cc20f55","id":"60d316f3-8644-4ae5-988e-c135e6ee31f4","updated":"2019-10-28T16:54:01.987434Z","vendor_name":"rrfIKoJjmUjpgWkQecoQFVTxT"},{"alias":"ZCTuvgeBlDuLcGMZpdCHckuxP","az":"iMILinCElVfJocCUymXkgmCSQ","created":"2019-10-31T03:33:45.344464Z","datacenter_id":"220a1163-656a-4674-987d-0b94487c4299","id":"51f90355-b1d1-433d-ab39-51a31c5d5c7a","updated":"2019-10-31T03:33:45.344464Z","vendor_name":"BppPgpPJcedjgOFRteEngvoaZ"},{"alias":"aEBOsBLLmkSbklykqegRCIXAr","az":"CXaafvpjtvfrtLfhDUOFmQHLk","created":"2019-10-28T20:32:53.796915Z","datacenter_id":"0ddf080a-416a-45c4-bdf1-edc796c985cf","id":"9f1842b7-b1f1-4c5c-abd4-3588fbac36a3","updated":"2019-10-28T20:32:53.796915Z","vendor_name":"UJBHGhdXIkXiliFhBayvvMjaQ"},{"alias":"aUKOeJqAOpYTZKfEuoWehggyo","az":"TgenrEEmPHcryikOecbUMIhRN","created":"2019-10-31T02:53:35.739492Z","datacenter_id":"cc94689e-276f-4717-904d-64abdbaa583c","id":"079b7ee5-39f8-4b3c-a560-c8ebdcea644b","updated":"2019-10-31T02:53:35.739492Z","vendor_name":"qetOwdMVixFfyhCCmlBrDtOou"},{"alias":"bEXAnahgWuljMvystNPgbqHdg","az":"yJyVJMwkjxcAaWhtBPwNfQYZO","created":"2019-11-01T21:34:38.046246Z","datacenter_id":"672441d7-cdf3-48b3-a156-5f7d39c686a3","id":"5af968fb-a2c1-41ee-89f1-3f42ede88a18","updated":"2019-11-01T21:34:38.046246Z","vendor_name":"QQHvGXZGnBVgTsSIheeKxqfCy"},{"alias":"bXmVxXqZMFewMKDXmXrVeNWte","az":"GtPOqoJeGWJGwnnBcvPUKsGnX","created":"2019-10-30T20:25:08.312532Z","datacenter_id":"e5a07436-5868-48c2-887b-e916d19732e4","id":"9e79169f-7ce0-4314-bb1e-6e0bf81a5649","updated":"2019-10-30T20:25:08.312532Z","vendor_name":"sdFqBOONqnYKBfgnCjXPIehqa"},{"alias":"bszLSeWUWttJLpxLlrqZADvct","az":"nodWMBiQDSazAYlMAxbgyELyf","created":"2019-10-17T15:19:03.987195Z","datacenter_id":"62b4115e-d137-4695-a959-a1090968ae57","id":"2bd41c34-0fa4-4121-a9cb-bef96b7bb6f7","updated":"2019-10-17T15:19:03.987195Z","vendor_name":"OriQfVCaQLQmQFgktmYUWoDTA"},{"alias":"byJxTXXBLoPFJCzjYOCCqEMmD","az":"FVxQjyZvSdcSoNkHpkAwcTVht","created":"2019-10-28T20:04:11.032126Z","datacenter_id":"91bd392a-6f0c-4e6e-b5e8-f5729b309b08","id":"f2d4db37-ac9a-4186-8ce1-04c80cbf06b4","updated":"2019-10-28T20:04:11.032126Z","vendor_name":"FMhrZiCmrUfTigNlyEjXRDVZp"},{"alias":"cPZUaBThReztwFMmSXTBArnwf","az":"aRmJOdGjKvrDnTMCruJtcntJd","created":"2019-10-31T14:14:15.141255Z","datacenter_id":"8a9fc809-3d0f-4eaf-bacc-be66ccfcdd2a","id":"ad2df49e-b75a-454a-afc0-64c5626b0e1c","updated":"2019-10-31T14:14:15.141255Z","vendor_name":"VyWztzDfvQQGZzRuctoWqjBCg"},{"alias":"crNjvbKAiGuhEtTbUvolPQYob","az":"CkRZulgehnAbZrJQOJtLcFIqk","created":"2019-10-31T03:14:15.716986Z","datacenter_id":"ea8fd82a-fdf7-4245-aea9-4e665c00d161","id":"5a1d0688-7739-4525-9b9b-88b522e6f027","updated":"2019-10-31T03:14:15.716986Z","vendor_name":"CRxvHXArzpShfwenAPsSPddNl"},{"alias":"dzbpMflXICPOjtkdxgshKcPbw","az":"SRxSuOXkFrNDSUFRuDRvWscsj","created":"2019-10-31T15:11:28.885669Z","datacenter_id":"2db20edb-8728-4c34-a88d-0529fd760f32","id":"cd11ecb8-5e32-4f34-9857-d897b680da50","updated":"2019-10-31T15:11:28.885669Z","vendor_name":"rmmQoKPfGFioquVZmHloimrxN"},{"alias":"eJPoZacKeQlkVZlHeHUYzEpCJ","az":"CPdqKGhTzFhLdLYUwKmwKxGNS","created":"2019-10-30T20:23:11.629257Z","datacenter_id":"54800858-4fbf-4f09-8421-824260a49be3","id":"5e5a6b10-d737-4b03-960e-c5c833190c81","updated":"2019-10-30T20:23:11.629257Z","vendor_name":"woDPWLOciNCnVEehVVpYmJgqz"},{"alias":"epfGNJoqqIoOiCdfsRQAsbJJS","az":"AszgXUkrLSFfMNpWXmDtIpiAo","created":"2019-10-31T02:54:25.581825Z","datacenter_id":"5ec0eaa2-fb58-48de-931e-99216390572c","id":"bee93d0b-75bf-45b2-8565-3f55a6d868ea","updated":"2019-10-31T02:54:25.581825Z","vendor_name":"fMIIXDYPEeQjVvrYAxROYvfci"},{"alias":"exIjaUoKMYdWCyRWXDCrazldg","az":"gaDJCzzpDMkmnCuISFddEnZHq","created":"2019-10-17T21:06:22.510261Z","datacenter_id":"be0da3f1-0156-43a1-91a1-909585f55c4a","id":"e5943683-54c0-4fbd-976d-7245e50aaca7","updated":"2019-10-17T21:06:22.510261Z","vendor_name":"xbxPZkoqLWmJElYBCGgnGZINy"},{"alias":"fGeakgNaCimtejWgQWIkridji","az":"JdAFHBPRaKugYAoclIZrEOdKj","created":"2019-10-31T03:41:32.391569Z","datacenter_id":"5b072996-c518-4b70-ae3b-4fbe911f7585","id":"1cdaa005-ea4f-4d8b-8eeb-d66a98e9f67b","updated":"2019-10-31T03:41:32.391569Z","vendor_name":"CvdnpkCSXSMEZwuHWgAkJLzjT"},{"alias":"fgukBPBDByJBUbttDkqQoporA","az":"vyRxKoSmOWFikjqGvNHJRwxhK","created":"2019-10-28T20:07:30.269977Z","datacenter_id":"d4e1e71c-becf-461e-a081-380cf2019f4a","id":"7281647b-7976-4d5a-8366-891bf93aa39a","updated":"2019-10-28T20:07:30.269977Z","vendor_name":"FQlGYyTVHKZpwIxvlfmIJCTjY"},{"alias":"gIyRMgsBKDGOuIWAIiexHUnIt","az":"FzDrCCIyTJmdZXLggKZrUDCRw","created":"2019-10-28T20:44:39.366496Z","datacenter_id":"ef35d596-5c85-40b4-bbc3-5e897453236a","id":"5253dc1a-d69d-4df5-8a94-87d747d65fc3","updated":"2019-10-28T20:44:39.366496Z","vendor_name":"NIWChohqDojWmuGMoHDSRpDRr"},{"alias":"gMnzNsWkFdJyCBJQaGMreAbEu","az":"aHYyLRLtFoKjQLhRekhCtyqDH","created":"2019-10-31T03:34:16.431602Z","datacenter_id":"a61804fd-0067-46f1-9113-4f0665bfde70","id":"25227bfd-2298-4330-a928-81e5a12b1367","updated":"2019-10-31T03:34:16.431602Z","vendor_name":"VUhYIsZNRbFadgVBWrqawnTEf"},{"alias":"gQbKSpReUiUGsnSepfAuPSiaD","az":"QdnsvhsFzmsSDNtVnIGEvCNVZ","created":"2019-10-31T03:44:01.183859Z","datacenter_id":"f25336e4-de60-47cd-82f6-620f99a96a83","id":"9e1bd1d6-40b5-43b8-9d45-1cabec5a2442","updated":"2019-10-31T03:44:01.183859Z","vendor_name":"atxaDZrdIjFHESNcDxsXdoKeo"},{"alias":"gSukCjXHtTJXshXtYgaCjsoQT","az":"MqByvaXFjHKWUopHuaZRzqxGI","created":"2019-10-31T19:42:12.107249Z","datacenter_id":"8f1ffcb7-8c82-484d-949f-fd0f64e1490c","id":"6af52e0e-ba99-45ce-aa1e-74f0a7a73cc8","updated":"2019-10-31T19:42:12.107249Z","vendor_name":"cLVmRMXTOzlpAutXNeGtFCaCp"},{"alias":"gXhATpmdGjuqVHFlfxccqIJPl","az":"SSsqgKhNzCOpNdYorjTessscr","created":"2019-10-31T03:35:04.046831Z","datacenter_id":"a3847fbe-0062-42a5-b7b4-45b27a29bb0a","id":"0913a62f-37a5-4f1b-a0e2-5f4509cbd82f","updated":"2019-10-31T03:35:04.046831Z","vendor_name":"VYbijYOAcfGHTuvODyZBLFZzy"},{"alias":"hIPSGHlBgvhZXvhADodiGhgsB","az":"gwhVkxqgUgYYpfwnPRSnWtFbF","created":"2019-10-31T15:18:15.553801Z","datacenter_id":"f5a5fc3e-9011-4425-a127-b42e70a4bf2b","id":"1273fbb9-db87-4797-abca-5c0a34609c3a","updated":"2019-10-31T15:18:15.553801Z","vendor_name":"DulsJmVzrLdIIYExyafIXqAqf"},{"alias":"hIaKxZkbIjJBlVVFjZWUFpLNO","az":"SDkoUZXtfaMlZJSNSLLhIJLee","created":"2019-10-31T02:51:10.528707Z","datacenter_id":"bdc48d4a-9daf-4302-a880-7657ef899182","id":"4a1efc5e-261d-4336-ad3f-16df7797d4df","updated":"2019-10-31T02:51:10.528707Z","vendor_name":"fiyktEmDfFciuORsgcwXxfdeA"},{"alias":"iHUMhDUyzwbaXzJuOPoRkStga","az":"crCQtvXDjPUuRiDKPNSolkYJu","created":"2019-10-31T19:42:18.364116Z","datacenter_id":"016e3f71-81b9-4273-8fa7-d642d979b2c7","id":"a653a5db-839d-46a8-9f6a-5774ab515de0","updated":"2019-10-31T19:42:18.364116Z","vendor_name":"xNuWUZMdxMUQUYlZEXvjaeSTG"},{"alias":"iMVyuAsFXxJVGEAEAgQDiAikW","az":"AwlERRNCyoCuFfSQpECChvDaH","created":"2019-10-30T20:09:47.867888Z","datacenter_id":"8d912aea-0f4f-4cd5-8d5e-af666d8e119f","id":"7cee9287-a794-4171-a3c4-fb64546d4eb5","updated":"2019-10-30T20:09:47.867888Z","vendor_name":"zGuWdTeeEFDEWVoNZCCgZUdMs"},{"alias":"iOCHAuGYYZYxurhXMKnTYnpus","az":"USekBrjJWuPfPDwjfFUiltTXA","created":"2019-10-17T16:23:45.796866Z","datacenter_id":"df17d213-f8a3-4ed2-aca2-061d5f3b123a","id":"806b10a8-dcd4-4db8-8ceb-5279cd5f0aa4","updated":"2019-10-17T16:23:45.796866Z","vendor_name":"SEOvtyPJwOTEkAVKWLcZTCSCH"},{"alias":"iQqclPzHPgSqkXapDYSrYsSsq","az":"rmlyCjLujqqMKpswBIegMvbry","created":"2019-10-31T03:42:52.567315Z","datacenter_id":"cf6e4687-5786-443b-bc70-ff8445fcc283","id":"6fea4ce0-e069-4636-b0f1-a0d431ab5a63","updated":"2019-10-31T03:42:52.567315Z","vendor_name":"rYzipPWPDYoHCjymAUbLPWbqZ"},{"alias":"iYpFGOPdMLwnBctZbpbxUjQda","az":"JfurJEcBmuunRNKzkusWFEAKU","created":"2019-10-30T18:15:28.901057Z","datacenter_id":"3e9a56ad-a4e0-4d42-b438-47d56ae66f2e","id":"bbe41450-287e-4ac3-8cd8-4efdda6fd7ef","updated":"2019-10-30T18:15:28.901057Z","vendor_name":"mLoZEwSkAyWvnGSguPOjPVScj"},{"alias":"igqXWDtEtlvksbbfZExwCudgq","az":"wXvVCedSkqzyqXqsUjUcHMMQO","created":"2019-10-17T15:18:15.084493Z","datacenter_id":"5942ed14-0028-47b0-9296-28b8b23e6416","id":"d5f4ed8b-58f2-4c7c-8844-c52d3885eedf","updated":"2019-10-17T15:18:15.084493Z","vendor_name":"MsjRsAqqrVUbprkrzvAwjthmg"},{"alias":"ioLhYtEalGNRKflRhoImTBiQZ","az":"pJiELNMIoEirIfZHiYYEKergm","created":"2019-10-21T16:18:52.109240Z","datacenter_id":"fbb97020-9ea8-4aee-b0f6-afa3a684fa47","id":"d77b5f98-b467-401e-8f07-d998039d850d","updated":"2019-10-21T16:18:52.109240Z","vendor_name":"CKyzBkUzEcPwJqIOMkAjVKqwE"},{"alias":"jXyTaEkLwrsxHPVSvAptKYWvj","az":"TQIcOhMbqnmGnfTzlizzHqMkR","created":"2019-10-31T19:40:28.063780Z","datacenter_id":"069415c6-b4ff-4572-b6e7-e6d609f3c834","id":"1b51be89-372a-4f73-832d-7ac67857cea8","updated":"2019-10-31T19:40:28.063780Z","vendor_name":"XZWSMRTUmzkAVXhxMFZipQcoz"},{"alias":"jZBfuCuuSoEAtMNfgmslUbDvD","az":"OqHAbrPdkcKPBoakysiCtIQfB","created":"2019-10-31T03:24:43.217176Z","datacenter_id":"c78ce907-6ded-4293-bf73-a8756461f676","id":"c51a94b1-13f3-4e99-a3ea-67df09566938","updated":"2019-10-31T03:24:43.217176Z","vendor_name":"SFmIQPEDUoegSDeqevvtrIwGh"},{"alias":"jdqMdzhkYFCyIbqFlQSLQCCKX","az":"TszClQiRgAFRjjdvkZaZMGfUR","created":"2019-10-31T14:15:00.475750Z","datacenter_id":"56aa74c7-5ff7-4c5d-9ec9-1fb2f0495e03","id":"1b9f9c64-69a6-4c25-8c57-1f1f1328b1a8","updated":"2019-10-31T14:15:00.475750Z","vendor_name":"BtycqCXUqatDFdWGFhjQNDYsm"},{"alias":"jfYbLWBsXMDCcwmLebfuzflKB","az":"BHGerHjwDHPjgHzFJXtfvxdbs","created":"2019-10-28T15:38:59.159562Z","datacenter_id":"80c7e272-e96a-4a2c-85c9-c23db2971820","id":"2a9709e4-cafe-422e-a24a-f9c498607648","updated":"2019-10-28T15:38:59.159562Z","vendor_name":"hDdIPVlIgJsrBlEupIOTTGgkn"},{"alias":"jzvUBStJxIvzcbuSqeidudIWT","az":"dQeulPhucrIxpyOuoyyiCXWEA","created":"2019-10-31T14:24:08.847790Z","datacenter_id":"038fb0f4-8775-449a-b08a-89a9b8b0cf58","id":"4ea81566-87c2-43cf-a749-a58fa1bb328d","updated":"2019-10-31T14:24:08.847790Z","vendor_name":"hzPhmEgKVIBiXdyNKhHNoreRS"},{"alias":"kCbQDkiADwtaVCGDwsVSGnwXx","az":"DzFBrewiwtdSLDoisVNNbCnlA","created":"2019-10-15T19:41:25.764885Z","datacenter_id":"3ea9a214-8f76-4da5-a3d2-09044b690593","id":"528455db-7c49-4f6d-a062-5a5cdc23ec05","updated":"2019-10-15T19:41:25.764885Z","vendor_name":"VqJTEsZdzNBQHUCzJseiIwZRa"},{"alias":"kNZtqkOwksJFVOpxBRtJxrFfY","az":"ZXHnDIapUXBQJAGFjAGhyTfJT","created":"2019-10-31T19:33:43.006580Z","datacenter_id":"024d89b1-c09c-4b49-9e0b-358ee60ff366","id":"0b5c6ae5-95bb-40b9-a8f1-a2d4517f738d","updated":"2019-10-31T19:33:43.006580Z","vendor_name":"dSZdSPmOxdkrZhrBLEptcsYuH"},{"alias":"kxYmZaxfbPYqPWebypPPfFoGQ","az":"tKwdLDgnkZgXlJnxKhZRkVzyY","created":"2019-10-31T14:24:31.296749Z","datacenter_id":"a6aa3b24-ccab-42b2-bb35-077757cfb44b","id":"0af79fc7-ec35-4a55-bc1b-8201f1be0b9e","updated":"2019-10-31T14:24:31.296749Z","vendor_name":"pzFflkenMbisXuMlROqcJaZTf"},{"alias":"lDxIkLwgkcZIynucugQSOdumy","az":"OucvQclEGAAandGhMJLXvLXgB","created":"2019-10-31T02:57:48.979556Z","datacenter_id":"302467ee-c7bd-4a2b-a92a-8688710695ec","id":"4702650e-a078-41c3-ad69-99abc247429a","updated":"2019-10-31T02:57:48.979556Z","vendor_name":"hOLGwreQVfZKHhKdcVNNydmGg"},{"alias":"lLEWOskJbFNpKuBBZmgrlcgIb","az":"cNgNLAiwvKTphQHErYjpfuUJf","created":"2019-10-31T19:00:25.072727Z","datacenter_id":"2ebd682b-892d-4867-b869-c978c927d942","id":"0ceb902b-b02c-4e83-812f-24691ba92f0d","updated":"2019-10-31T19:00:25.072727Z","vendor_name":"eBHWqpTCTynwCZXrTPklQnRrb"},{"alias":"mJkUHykRSdPDBSQRmUYzkjaQw","az":"USeHKHiGRLbSimzXlgWHatfxp","created":"2019-10-15T19:42:46.891152Z","datacenter_id":"f5af60b2-c45a-4714-b81b-e0baae39f24d","id":"8c899c77-738f-4a7f-a1fd-fced7a82d019","updated":"2019-10-15T19:42:46.891152Z","vendor_name":"GqNXWhpgsiiTPBrKVpSqYIvlU"},{"alias":"mfKOrxBvQQoKQlxLhDayjOKUO","az":"bvtxpNsGqMhDNksSlNBzUehqY","created":"2019-10-31T03:35:35.780958Z","datacenter_id":"46d617fd-2f0c-41fb-8b11-f83e7e963190","id":"8ae2f0c4-3cc6-4e95-a335-69f949b7b8e5","updated":"2019-10-31T03:35:35.780958Z","vendor_name":"PbliefXzhyeGmiRevNnUAogQF"},{"alias":"mphuCFkkcPwaQfBBokIddDjKr","az":"ymoeUGbqxsbSogLdFurCijDNm","created":"2019-10-26T18:36:29.513704Z","datacenter_id":"2680e58b-4b51-46b9-9c9f-d0c49f31403e","id":"9deec2a7-9bd4-4492-a61f-587cc9ca31ad","updated":"2019-10-26T18:36:29.513704Z","vendor_name":"TKJWGirwpBgrNOJKNfDUTRDtS"},{"alias":"njnPhVFwtPgejtIMeUZepwUEI","az":"oWckSQAzKFbXpmtimLvnuigqT","created":"2019-10-28T16:31:45.783239Z","datacenter_id":"b2323218-b496-4c94-868e-b45c9a1cf2f3","id":"d1e162c7-3484-4688-8cd6-e00acd064047","updated":"2019-10-28T16:31:45.783239Z","vendor_name":"nacvsnneYfXEpVaZKJNTcwzff"},{"alias":"oCMFCHAWBtjdYpYjLuWtFfDTq","az":"MjgyTJziVQdXQDeYbiJgjerYl","created":"2019-10-30T20:12:59.311961Z","datacenter_id":"d2e27073-4ae2-4c3a-87ce-14311c895a83","id":"a07fcde3-cf3b-4cd0-b3f8-f51ed9a1a08f","updated":"2019-10-30T20:12:59.311961Z","vendor_name":"JBjpxoEIulAoXQOwBipJvfADI"},{"alias":"ogFpenioVAIyFtdYKnbBwbtMH","az":"ZuOTwcTxZVydhiuVuAoIBoOva","created":"2019-10-28T15:43:08.236638Z","datacenter_id":"dc5bd5e0-ed2b-4389-a9e6-ca02afbca357","id":"6736c37d-5c81-4021-9705-8ab7391fe015","updated":"2019-10-28T15:43:08.236638Z","vendor_name":"VCGZWavYbyRLWPNBjtaPbdYYd"},{"alias":"ojDpJuOANVOpEeaaVtPrirRzc","az":"xoYAIwfYxIdaTRKlmIMvqMdCA","created":"2019-10-15T16:39:23.545160Z","datacenter_id":"3eeabbdb-998a-48fd-83c4-9d6553b23290","id":"b0259a3b-115f-4367-a684-d774d8b52857","updated":"2019-10-15T16:39:23.545160Z","vendor_name":"SLXuzEdzBzQKOasrTKheIJnOb"},{"alias":"pIVFuyHziXNyGgVIciMFTiMkN","az":"ZhHLROCGVcqImzUNxyTbroQHG","created":"2019-10-28T15:44:10.229850Z","datacenter_id":"0457bb04-64e7-44ab-a0d3-d745bcc719e9","id":"c6517417-019a-49f7-8fba-35701560dffa","updated":"2019-10-28T15:44:10.229850Z","vendor_name":"NaRnDfPJhUmhnmuLqPyQAihxb"},{"alias":"pUKsujLNRfsnwBSOdJWiFqhQU","az":"VWMHOnLDiqlsjyjWVHMPSfFqN","created":"2019-10-31T03:23:28.532313Z","datacenter_id":"4dd8e387-fd74-44e7-815e-e1ab81138d50","id":"ae738968-e295-4c37-b238-bf4a942daf01","updated":"2019-10-31T03:23:28.532313Z","vendor_name":"KfZcHLLakNIFQOSZTLkKtlbCc"},{"alias":"pvLlwDSPbOppyprVngqqvcvCU","az":"ZvaTTahjlWKMSvbNHNSeYrLOk","created":"2019-10-31T02:52:41.980958Z","datacenter_id":"b5703b38-e251-4ded-a8ca-7c959244ef90","id":"aebc8ec0-9ac6-4eb1-a0e5-633e513d523c","updated":"2019-10-31T02:52:41.980958Z","vendor_name":"CBAUZUOqKlBdZuwkLogfoKHAB"},{"alias":"pxJuVaEwQMyCTgSfamFzvfAgf","az":"iQJrVwnhvDNiSvhEgfTWYPCYP","created":"2019-10-17T16:23:36.506259Z","datacenter_id":"a9cc15aa-7625-444b-bb14-62e5daff61e9","id":"16f5afac-e94d-4283-bb69-4bddc60d14fc","updated":"2019-10-17T16:23:36.506259Z","vendor_name":"wLfJYcAEGDYQqlpNaliQmfplp"},{"alias":"qKdWDJUineoWehAVYJmDoCFHq","az":"ZpYCUxMLwGZGEAqCkGyTKLBWu","created":"2019-10-15T19:42:54.948080Z","datacenter_id":"d8859539-13db-44e2-9e00-ee1fbffbc9eb","id":"8414d4dd-9f9e-45f4-ab05-5e155de71441","updated":"2019-10-15T19:42:54.948080Z","vendor_name":"AuEtdenkNwCCQBKsooeeyMLSR"},{"alias":"qacKQWbSBZnjwPKeOZYebbCDb","az":"tVoEaBjyTveFwgCfjozwFsccK","created":"2019-10-31T02:55:25.331813Z","datacenter_id":"3016b422-4790-4416-b066-eaf9baab2b45","id":"eb16da0f-b50e-4dd2-aabe-c7a9cba1b6a2","updated":"2019-10-31T02:55:25.331813Z","vendor_name":"LsDGBXgSRmUqPLKBEpITvryOU"},{"alias":"qpuTJXLVomZvYblfOUCSewlpU","az":"XCrJvmiQFIHyAIPmZXOdAqCXr","created":"2019-10-30T18:17:15.557754Z","datacenter_id":"c087446f-6eb7-4a74-82d7-174d54dc2fa4","id":"16550d2a-cec4-4cf4-a160-87b9dc05b640","updated":"2019-10-30T18:17:15.557754Z","vendor_name":"UgsdYYTrcnLIdXwljgTpGgocK"},{"alias":"rVvodbENIupojmTzQMsszfDyF","az":"jhfalnfMSLAKphDlPDvlVZzQX","created":"2019-10-15T19:23:38.962129Z","datacenter_id":"acff059d-b38d-40df-a062-2d5eea18c496","id":"b165cffb-c580-46c0-ba24-a4928b938bb8","updated":"2019-10-15T19:23:38.962129Z","vendor_name":"XgQFibpBUvdqGUMjLQplVykZV"},{"alias":"rcmutgcmlTCoqTebAwUSzknbJ","az":"veusVFOxtFNCHOIwYnMLYjHru","created":"2019-10-17T21:05:27.565306Z","datacenter_id":"76238328-3f68-4315-82d6-816ec07aaafe","id":"f1736554-a4f1-4b1d-b99e-7a04cd75a2b5","updated":"2019-10-17T21:05:27.565306Z","vendor_name":"RyoxOpIsLvjMkSjKTcKKgilNu"},{"alias":"taxgVdZoICJooHzmkaVmjFBSV","az":"jtkGZcvXswEyyADmTkPOcHMjy","created":"2019-10-28T16:22:12.953676Z","datacenter_id":"2e9afd4a-f336-494f-8df6-5bb768bec901","id":"5898094c-e6ff-42de-ae8c-878c23b265d2","updated":"2019-10-28T16:22:12.953676Z","vendor_name":"OOdYOXPULtYintSYHfuSUwnAr"},{"alias":"tzQEjPtdzrQauukGvGtikXKIC","az":"OiEMMAcgdhzkpLvuoxIxdulqA","created":"2019-10-28T20:42:19.509580Z","datacenter_id":"1e648300-33ac-44aa-abc5-4e0a94426217","id":"3234badf-f266-4104-af94-e9138e021d59","updated":"2019-10-28T20:42:19.509580Z","vendor_name":"mouPeopRNAPBuqAtHSAwmxQKo"},{"alias":"uZnVIwKOflaedDxHDLzuMFkvv","az":"rnKXSMqpfKSEnSEDtRtuhpTQn","created":"2019-10-31T03:05:57.942826Z","datacenter_id":"1384355d-5cb8-4bdc-9ea7-772db8fc90dd","id":"4bf68d7e-6ecc-4a85-972d-331728b9b5ac","updated":"2019-10-31T03:05:57.942826Z","vendor_name":"povLXJevvDWBEFUrcUIVcUhtY"},{"alias":"ukgErWyJbgYxROXuRQXwLQvIt","az":"MEeLsMYHCUbXoaInDrDktnktB","created":"2019-10-18T14:45:34.338319Z","datacenter_id":"d99e06ab-e324-407f-9254-4d81ce89bc3d","id":"89b88223-61ea-4087-92ec-c899dc21f655","updated":"2019-10-18T14:45:34.338319Z","vendor_name":"WqBKFQpCbbJwTlyJqoefelryA"},{"alias":"wBfJeIWveMlvVKpCcxAjWUofx","az":"UyTWKWFWpoLsXTFEccbkRTOEQ","created":"2019-10-17T17:38:38.367855Z","datacenter_id":"c24093a0-da30-4bee-afb6-bba98ef60230","id":"cccb0008-201f-4e42-86d2-918857a10704","updated":"2019-10-17T17:38:38.367855Z","vendor_name":"tnwBWQgIWIqwZWMsnhuSZwbDf"},{"alias":"wDbbqTGpAAQujzZaLwjwYboma","az":"yoOSNGbwdBOYiTjPMQGaIFMoX","created":"2019-10-28T18:24:03.343079Z","datacenter_id":"ebf736c9-992a-4cd8-b058-7fb52854bf0d","id":"115877f1-d890-454f-b8bd-3de07dfe0b12","updated":"2019-10-28T18:24:03.343079Z","vendor_name":"rYTYXIPufkWFWFkOzAjizThIo"},{"alias":"wKnUGhcAahOdTfXTzqDhFsxRb","az":"kdsuzvnhLzGhkMuKDwGBJOoxg","created":"2019-10-28T14:49:54.749768Z","datacenter_id":"afaba904-226e-4436-8609-f4aefb496185","id":"05a18f07-0cc3-4a9f-b0b3-a3dae8c99e3f","updated":"2019-10-28T14:49:54.749768Z","vendor_name":"MYxQnhAWIhAmAPkVXfpKcyPic"},{"alias":"wUYWOybaOqDJbqOziOXRYPRFR","az":"qZKptLKLIEPMngrRhZTvFeIGA","created":"2019-10-28T15:43:30.048676Z","datacenter_id":"279025dd-fb09-4d70-9554-654a6783d458","id":"48ff37ba-0ae4-4bee-bf3f-475758738c38","updated":"2019-10-28T15:43:30.048676Z","vendor_name":"daRXzeuSpwhdcguOGhDWnNmmY"},{"alias":"wgNkZIgyhFpDsRSjGQoXjgfkJ","az":"tduSIqlqFgMnCXKYTXrcZKpDI","created":"2019-10-17T16:29:16.545207Z","datacenter_id":"9d32856d-0a10-4c20-86f3-f527b4330492","id":"9e645953-9656-4105-9174-36e684cd59e2","updated":"2019-10-17T16:29:16.545207Z","vendor_name":"NUhTYfuvliDRJeSwxSbaKXnvA"},{"alias":"wmIIyBxDyDKskrIGfHzYlQpUV","az":"dddvQZVtxPZGkUTUGODuTmSVG","created":"2019-10-30T20:16:35.476753Z","datacenter_id":"0c119af8-d6c1-45ab-8845-8da4bd8e052a","id":"08d785f7-87b5-4ab4-bf69-c6e2802b568c","updated":"2019-10-30T20:16:35.476753Z","vendor_name":"LpytPNnxvQcQTpPBSVWhlbMNw"},{"alias":"xIRNYVaRKjJZJuLxhAmUFBFDq","az":"YXfqMwkcHeOYuqhmUxWDOlYTZ","created":"2019-10-30T20:17:37.527776Z","datacenter_id":"611840bb-b0f4-40a1-95be-8753959f4fb4","id":"809c606d-1de8-4163-ba9a-dd23f0d0f148","updated":"2019-10-30T20:17:37.527776Z","vendor_name":"iMIjOVJArOJzfGaUPYeOwiMBe"},{"alias":"xiDDgfVIGeorMprbRwlZkpRoh","az":"TJMEwCNimsakrpUdfbaqkQCxP","created":"2019-10-31T03:40:42.513551Z","datacenter_id":"c1cea351-cbef-4759-ba7d-0292ced6bdce","id":"45e51fef-4d05-4193-891e-0699154273d0","updated":"2019-10-31T03:40:42.513551Z","vendor_name":"wXOYcDxQlRJJOezlyHKuXCURs"},{"alias":"yLuPJwgGZuUIuCbOXkqCbhbBw","az":"XyEykyYHQDUDNlhheXspNHzXP","created":"2019-10-21T16:15:14.341100Z","datacenter_id":"6b1e0c52-6681-451f-ac87-5e61affe9f00","id":"5bf01716-61e8-4e90-ab8a-00c85cc3b5be","updated":"2019-10-21T16:15:14.341100Z","vendor_name":"SwrEGzEBLqOdiHxVjByBWThxi"},{"alias":"yegxCZoYWCQibKQtVrgmBfElT","az":"FHggqlmYlgkzPPwFOSgHZVTPt","created":"2019-10-31T03:28:59.305060Z","datacenter_id":"a6962fdc-97d5-4d99-96d6-11e1435ec441","id":"fff76037-a0e1-423d-81b2-59470bd16db3","updated":"2019-10-31T03:28:59.305060Z","vendor_name":"dsOJrLHwHrCcjYiMysBfvAvYF"},{"alias":"yiiVtHwltbBsfLxduEJrRJgvQ","az":"xWqerXydyYZSKqOlpkviCMqye","created":"2019-10-31T03:29:44.586423Z","datacenter_id":"7df897b1-4952-4def-afc9-0d21d90e775e","id":"732f1e65-cf5c-4ad5-bb68-63ea43ce4376","updated":"2019-10-31T03:29:44.586423Z","vendor_name":"pJWPoEtBsZqSJWxHZFwRxBnye"},{"alias":"zBJEtywaGkKKtVyBJhuDWSzoF","az":"UTRSRnmvaaDZwaTmcCvbXzFFc","created":"2019-10-28T14:46:04.285883Z","datacenter_id":"32a14586-548e-4018-b65a-9e1278ea8644","id":"5e2a5945-8c16-46e5-8f19-4eae84015003","updated":"2019-10-28T14:46:04.285883Z","vendor_name":"bLdPTknicfMEXlvABgCzPnond"},{"alias":"zIrPVKbChSrJJbvrjLxGkrJqh","az":"GxMgGWNADNiaXIBLaVWYaqJnw","created":"2019-10-31T03:44:39.232091Z","datacenter_id":"c5728856-4cb3-49bc-b3ae-7b07ebda0027","id":"70718d02-38d9-499f-b976-bb9317cf0879","updated":"2019-10-31T03:44:39.232091Z","vendor_name":"RIKbQKyuprsFmgkIqLEQwVCFQ"},{"alias":"zcBlNuAVYLBfUCfAaXiwjCniK","az":"RXZimQthxelWTpPGSFDApIABA","created":"2019-10-31T14:21:43.591835Z","datacenter_id":"7bbf78aa-362f-4db7-ab8c-88b16594f1db","id":"36524bb8-25bf-4a80-be01-4a832cbca78e","updated":"2019-10-31T14:21:43.591835Z","vendor_name":"RkpsgWujOBCXHHWJfLaRpkRNt"},{"alias":"zhIckwxaKNFMVegqGyEufvHGV","az":"hCMhiquPkxDxVVXskCRPsUsJc","created":"2019-10-31T03:15:51.819597Z","datacenter_id":"39211320-03b3-4d69-9bc6-2fee6a12e20f","id":"0c94597b-d5ff-47f2-9370-d9255120b5e4","updated":"2019-10-31T03:15:51.819597Z","vendor_name":"DIIRNqeqkHSwxcRTFugLOmZPS"},{"alias":"zwCrVERuEiRkFKSyazsVhrgku","az":"AqbxXGtYkTTCbKIhgUDWleGWF","created":"2019-10-31T14:14:52.702107Z","datacenter_id":"812bd02f-42b2-49bb-aaa4-639fb659646d","id":"1d27a3f3-1d8a-4a16-9a03-07fd250b2f57","updated":"2019-10-31T14:14:52.702107Z","vendor_name":"kSYstLgybTewGWNElINZMuiXp"}]'
    headers:
      Cache-Control:
      - no-cache
      Content-Length:
      - "42032"
      Content-Type:
      - application/json
      Date:
      - Fri, 01 Nov 2019 21:34:38 GMT
      Request-Id:
      - F/3JvKMRlwmg
      Server:
      - Mojolicious (Perl)
      X-Conch-Api:
      - v3.0.0-a8-0-gd0dc7f2e
      X-Request-Id:
      - F/3JvKMRlwmg
    status: 200 OK
    code: 200
    duration: ""
- request:
    body: ""
    form: {}
    headers:
      User-Agent:
      - Conch/3.x-testing
    url: http://10.51.54.42:5000/room/5af968fb-a2c1-41ee-89f1-3f42ede88a18
    method: GET
  response:
    body: '{"alias":"bEXAnahgWuljMvystNPgbqHdg","az":"yJyVJMwkjxcAaWhtBPwNfQYZO","created":"2019-11-01T21:34:38.046246Z","datacenter_id":"672441d7-cdf3-48b3-a156-5f7d39c686a3","id":"5af968fb-a2c1-41ee-89f1-3f42ede88a18","updated":"2019-11-01T21:34:38.046246Z","vendor_name":"QQHvGXZGnBVgTsSIheeKxqfCy"}'
    headers:
      Cache-Control:
      - no-cache
      Content-Length:
      - "291"
      Content-Type:
      - application/json
      Date:
      - Fri, 01 Nov 2019 21:34:38 GMT
      Request-Id:
      - 8RLR8oY2GF4N
      Server:
      - Mojolicious (Perl)
      X-Conch-Api:
      - v3.0.0-a8-0-gd0dc7f2e
      X-Request-Id:
      - 8RLR8oY2GF4N
    status: 200 OK
    code: 200
    duration: ""
- request:
    body: ""
    form: {}
    headers:
      User-Agent:
      - Conch/3.x-testing
    url: http://10.51.54.42:5000/room/5af968fb-a2c1-41ee-89f1-3f42ede88a18/racks
    method: GET
  response:
    body: '[]'
    headers:
      Cache-Control:
      - no-cache
      Content-Length:
      - "2"
      Content-Type:
      - application/json
      Date:
      - Fri, 01 Nov 2019 21:34:38 GMT
      Request-Id:
      - /maMAwb5bRb2
      Server:
      - Mojolicious (Perl)
      X-Conch-Api:
      - v3.0.0-a8-0-gd0dc7f2e
      X-Request-Id:
      - /maMAwb5bRb2
    status: 200 OK
    code: 200
    duration: ""
- request:
    body: ""
    form: {}
    headers:
      User-Agent:
      - Conch/3.x-testing
    url: http://10.51.54.42:5000/room/5af968fb-a2c1-41ee-89f1-3f42ede88a18
    method: DELETE
  response:
    body: ""
    headers:
      Cache-Control:
      - no-cache
      Date:
      - Fri, 01 Nov 2019 21:34:38 GMT
      Request-Id:
      - b6XBDjlPX8je
      Server:
      - Mojolicious (Perl)
      X-Request-Id:
      - b6XBDjlPX8je
    status: 204 No Content
    code: 204
    duration: ""
- request:
    body: ""
    form: {}
    headers:
      User-Agent:
      - Conch/3.x-testing
    url: http://10.51.54.42:5000/dc/672441d7-cdf3-48b3-a156-5f7d39c686a3
    method: DELETE
  response:
    body: ""
    headers:
      Cache-Control:
      - no-cache
      Date:
      - Fri, 01 Nov 2019 21:34:38 GMT
      Request-Id:
      - j0sHs3VZ4/bG
      Server:
      - Mojolicious (Perl)
      X-Request-Id:
      - j0sHs3VZ4/bG
    status: 204 No Content
    code: 204
    duration: ""
